=== Evidence files (final refresh) ===
docker-compose-config.log
docker-restart-after-mount-fix.log
docker-restart-enable-coa.log
docker-restart.log
docker-up.log
evidence-manifest-final.log
evidence-manifest.log
freeradius-container-after-enabling-coa.log
freeradius-container-after-retry.log
freeradius-container-final.log
freeradius-container.log
harness-execute-2026-04-18.pcap
harness-execute-after-enabling-coa.log
harness-execute-after-fixes.log
harness-execute-retry.log
harness-execute-with-pcap.log
harness-execute.log
listeners-from-logs.log
listeners.log
pcap-size.log
pcap-summary.log
radclient-disconnect-manual.log
run_started_at.txt
tcpdump-capture.log
tooling-check.log

=== SHA256 (final refresh) ===
b077e2aa95029ce6349d44374bc35d443f9621d16bdb2f0c97664316cd576b7c  evidence/freeradius-harness/docker-compose-config.log
0374ae431c73ada9106bb29936d2696ef0dc6656154a1033333128b111010fe7  evidence/freeradius-harness/docker-restart-after-mount-fix.log
a27e603eb6a75e09f437991f267548783bf4958053e318f86b182e90fb943296  evidence/freeradius-harness/docker-restart-enable-coa.log
bf5b85dca080f695de0551704733035a2fcd579781ef93ca53f6c675f391b0b2  evidence/freeradius-harness/docker-restart.log
427eed9a85227f2b373a8ce897ff969c2e7f1ba829fa4ad4749f025f0d28030a  evidence/freeradius-harness/docker-up.log
1803afbdca7d3c65ec3d7e8fe3a4054f3bbba56a9c595c436f8d69259b3f8409  evidence/freeradius-harness/evidence-manifest-final.log
4c3d19d279c64e6e2a588d9a6348e7ccaba45e5854bf5fe50c0b9c55396d136e  evidence/freeradius-harness/evidence-manifest.log
7aef5b44868ac488c5d2796802ea5c032eefc74c645a0bbd473d081d01860cc7  evidence/freeradius-harness/freeradius-container-after-enabling-coa.log
a2c06edd0dc61511cadefce29ebc8f8be51487947c0500dc66107eccb6bc649b  evidence/freeradius-harness/freeradius-container-after-retry.log
c13d5999c797fff52cb7a9d99fada8f8b2450e2770947659805032f559163ded  evidence/freeradius-harness/freeradius-container-final.log
9895ccec99d386d4de82d23f2c6bd528d1e7b83b3b229a1bd01beea16fe78e23  evidence/freeradius-harness/freeradius-container.log
fb182b832587abfda51bb8f6a2744b85c167a8a207dd1f473a5fc8a47674049b  evidence/freeradius-harness/harness-execute-2026-04-18.pcap
62c07b234fb6bc1514c5c83f1bd6f1d11ede1f72439b2cba8e4bfb3664663652  evidence/freeradius-harness/harness-execute-after-enabling-coa.log
a3ec98761120aa2f092723e04795b030777430196c1af14b2a47bd01b8c5acff  evidence/freeradius-harness/harness-execute-after-fixes.log
a64e57d144d9970c5b004720baf1542aee09a57dda8af41dd7357bfa1ef997f2  evidence/freeradius-harness/harness-execute-retry.log
c6c0273cf0c91b90d73790f87cd96f1db8fbf4a5f85d64402147fab02b0e6445  evidence/freeradius-harness/harness-execute-with-pcap.log
a6f77dd87e4ce7de224d46bb38062dea7c4e63387cc30a6c8439237d2fb042ff  evidence/freeradius-harness/harness-execute.log
4a63685018dbff46b6df2aca3ff54d975eb791273209354f85cc6445fe02158b  evidence/freeradius-harness/listeners-from-logs.log
c384e9d745e53f9ff4a745319a11b3d7ff6818ef6dbdff4fa1570e5e545d6ac9  evidence/freeradius-harness/listeners.log
40d425357faee8fb68bdae7ba3f68a3bfccb371dcdfc18a7b28b7962e60edc1e  evidence/freeradius-harness/pcap-size.log
321e5fdd080d7e458dae8a31a720127f94f4f9a142896bb159c134f672349cd9  evidence/freeradius-harness/pcap-summary.log
7688a8c7fc00d1343f8a5ff8b64a5fdb4871190642c5a5fec70f283de3ad36ff  evidence/freeradius-harness/radclient-disconnect-manual.log
a0f4620c9fc35df68fcb5c8093d3d4a55d24fa4f3c39ff44c1069e1a3d8ca6c0  evidence/freeradius-harness/run_started_at.txt
097dc75c66932ef576306e027405dc89f07238108e38fd3b7aa8de8213f1b768  evidence/freeradius-harness/tcpdump-capture.log
d46ba3ef9e034c507b88c5a0f6951f1f6aa03910b7a4e64ee686fbf4c145de9a  evidence/freeradius-harness/tooling-check.log
