=== final container logs tail 260 ===
   }
tls: Using cached TLS configuration from previous invocation
   # Linked to sub-module rlm_eap_mschapv2
   mschapv2 {
   	with_ntdomain_hack = no
   	send_error = no
   }
  # Instantiating module "mschap" from file /etc/freeradius/mods-enabled/mschap
rlm_mschap (mschap): using internal authentication
  # Instantiating module "etc_passwd" from file /etc/freeradius/mods-enabled/passwd
rlm_passwd: nfields: 3 keyfield 0(User-Name) listable: no
  # Instantiating module "IPASS" from file /etc/freeradius/mods-enabled/realm
  # Instantiating module "suffix" from file /etc/freeradius/mods-enabled/realm
  # Instantiating module "bangpath" from file /etc/freeradius/mods-enabled/realm
  # Instantiating module "realmpercent" from file /etc/freeradius/mods-enabled/realm
  # Instantiating module "ntdomain" from file /etc/freeradius/mods-enabled/realm
  # Instantiating module "logintime" from file /etc/freeradius/mods-enabled/logintime
  # Instantiating module "attr_filter.post-proxy" from file /etc/freeradius/mods-enabled/attr_filter
reading pairlist file /etc/freeradius/mods-config/attr_filter/post-proxy
  # Instantiating module "attr_filter.pre-proxy" from file /etc/freeradius/mods-enabled/attr_filter
reading pairlist file /etc/freeradius/mods-config/attr_filter/pre-proxy
  # Instantiating module "attr_filter.access_reject" from file /etc/freeradius/mods-enabled/attr_filter
reading pairlist file /etc/freeradius/mods-config/attr_filter/access_reject
  # Instantiating module "attr_filter.access_challenge" from file /etc/freeradius/mods-enabled/attr_filter
reading pairlist file /etc/freeradius/mods-config/attr_filter/access_challenge
  # Instantiating module "attr_filter.accounting_response" from file /etc/freeradius/mods-enabled/attr_filter
reading pairlist file /etc/freeradius/mods-config/attr_filter/accounting_response
  # Instantiating module "attr_filter.coa" from file /etc/freeradius/mods-enabled/attr_filter
reading pairlist file /etc/freeradius/mods-config/attr_filter/coa
  # Instantiating module "expiration" from file /etc/freeradius/mods-enabled/expiration
  # Instantiating module "auth_log" from file /etc/freeradius/mods-enabled/detail.log
rlm_detail (auth_log): 'User-Password' suppressed, will not appear in detail output
  # Instantiating module "reply_log" from file /etc/freeradius/mods-enabled/detail.log
  # Instantiating module "pre_proxy_log" from file /etc/freeradius/mods-enabled/detail.log
  # Instantiating module "post_proxy_log" from file /etc/freeradius/mods-enabled/detail.log
  # Instantiating module "preprocess" from file /etc/freeradius/mods-enabled/preprocess
reading pairlist file /etc/freeradius/mods-config/preprocess/huntgroups
reading pairlist file /etc/freeradius/mods-config/preprocess/hints
  # Instantiating module "detail" from file /etc/freeradius/mods-enabled/detail
  # Instantiating module "reject" from file /etc/freeradius/mods-enabled/always
  # Instantiating module "fail" from file /etc/freeradius/mods-enabled/always
  # Instantiating module "ok" from file /etc/freeradius/mods-enabled/always
  # Instantiating module "handled" from file /etc/freeradius/mods-enabled/always
  # Instantiating module "invalid" from file /etc/freeradius/mods-enabled/always
  # Instantiating module "userlock" from file /etc/freeradius/mods-enabled/always
  # Instantiating module "notfound" from file /etc/freeradius/mods-enabled/always
  # Instantiating module "noop" from file /etc/freeradius/mods-enabled/always
  # Instantiating module "updated" from file /etc/freeradius/mods-enabled/always
  # Instantiating module "linelog" from file /etc/freeradius/mods-enabled/linelog
  # Instantiating module "log_accounting" from file /etc/freeradius/mods-enabled/linelog
 } # modules
radiusd: #### Loading Virtual Servers ####
server { # from file /etc/freeradius/radiusd.conf
} # server
server inner-tunnel { # from file /etc/freeradius/sites-enabled/inner-tunnel
 # Loading authenticate {...}
Compiling Auth-Type PAP for attr Auth-Type
Compiling Auth-Type CHAP for attr Auth-Type
Compiling Auth-Type MS-CHAP for attr Auth-Type
 # Loading authorize {...}
Ignoring "sql" (see raddb/mods-available/README.rst)
Ignoring "ldap" (see raddb/mods-available/README.rst)
 # Loading session {...}
 # Loading post-proxy {...}
 # Loading post-auth {...}
 # Skipping contents of 'if' as it is always 'false' -- /etc/freeradius/sites-enabled/inner-tunnel:366
Compiling Post-Auth-Type REJECT for attr Post-Auth-Type
} # server inner-tunnel
server default { # from file /etc/freeradius/sites-enabled/default
 # Loading authenticate {...}
Compiling Auth-Type PAP for attr Auth-Type
Compiling Auth-Type CHAP for attr Auth-Type
Compiling Auth-Type MS-CHAP for attr Auth-Type
 # Loading authorize {...}
Compiling Autz-Type New-TLS-Connection for attr Autz-Type
 # Loading preacct {...}
 # Loading accounting {...}
 # Loading post-proxy {...}
 # Loading post-auth {...}
Compiling Post-Auth-Type REJECT for attr Post-Auth-Type
Compiling Post-Auth-Type Challenge for attr Post-Auth-Type
Compiling Post-Auth-Type Client-Lost for attr Post-Auth-Type
} # server default
server coa { # from file /etc/freeradius/sites-enabled/coa
 # Loading recv-coa {...}
 # Loading send-coa {...}
} # server coa
radiusd: #### Opening IP addresses and Ports ####
listen {
 	type = "coa"
 	virtual_server = "coa"
 	ipaddr = *
 	port = 3799
}
listen {
  	type = "auth"
  	ipaddr = 127.0.0.1
  	port = 18120
}
listen {
  	type = "auth"
  	ipaddr = *
  	port = 0
   limit {
   	max_connections = 16
   	lifetime = 0
   	idle_timeout = 30
   }
}
listen {
  	type = "acct"
  	ipaddr = *
  	port = 0
   limit {
   	max_connections = 16
   	lifetime = 0
   	idle_timeout = 30
   }
}
listen {
  	type = "auth"
  	ipv6addr = ::
  	port = 0
   limit {
   	max_connections = 16
   	lifetime = 0
   	idle_timeout = 30
   }
}
listen {
  	type = "acct"
  	ipv6addr = ::
  	port = 0
   limit {
   	max_connections = 16
   	lifetime = 0
   	idle_timeout = 30
   }
}
Listening on coa address * port 3799 bound to server coa
Listening on auth address 127.0.0.1 port 18120 bound to server inner-tunnel
Listening on auth address * port 1812 bound to server default
Listening on acct address * port 1813 bound to server default
Listening on auth address :: port 1812 bound to server default
Listening on acct address :: port 1813 bound to server default
Listening on proxy address * port 48396
Listening on proxy address :: port 33098
Ready to process requests
(0) Received Access-Request Id 248 from 172.23.0.1:41897 to 172.23.0.2:1812 length 75
(0)   Message-Authenticator = 0xbd885ca7d175a624659fc8728bb509b3
(0)   User-Name = "sub_1"
(0)   User-Password = "test123"
(0)   NAS-IP-Address = 127.0.1.1
(0)   NAS-Port = 0
(0) # Executing section authorize from file /etc/freeradius/sites-enabled/default
(0)   authorize {
(0)     policy filter_username {
(0)       if (&User-Name) {
(0)       if (&User-Name)  -> TRUE
(0)       if (&User-Name)  {
(0)         if (&User-Name =~ / /) {
(0)         if (&User-Name =~ / /)  -> FALSE
(0)         if (&User-Name =~ /@[^@]*@/ ) {
(0)         if (&User-Name =~ /@[^@]*@/ )  -> FALSE
(0)         if (&User-Name =~ /\.\./ ) {
(0)         if (&User-Name =~ /\.\./ )  -> FALSE
(0)         if ((&User-Name =~ /@/) && (&User-Name !~ /@(.+)\.(.+)$/))  {
(0)         if ((&User-Name =~ /@/) && (&User-Name !~ /@(.+)\.(.+)$/))   -> FALSE
(0)         if (&User-Name =~ /\.$/)  {
(0)         if (&User-Name =~ /\.$/)   -> FALSE
(0)         if (&User-Name =~ /@\./)  {
(0)         if (&User-Name =~ /@\./)   -> FALSE
(0)       } # if (&User-Name)  = notfound
(0)     } # policy filter_username = notfound
(0)     [preprocess] = ok
(0)     [chap] = noop
(0)     [mschap] = noop
(0)     [digest] = noop
(0) suffix: Checking for suffix after "@"
(0) suffix: No '@' in User-Name = "sub_1", looking up realm NULL
(0) suffix: No such realm "NULL"
(0)     [suffix] = noop
(0) eap: No EAP-Message, not doing EAP
(0)     [eap] = noop
(0)     [files] = noop
(0)     [expiration] = noop
(0)     [logintime] = noop
(0) pap: WARNING: No "known good" password found for the user.  Not setting Auth-Type
(0) pap: WARNING: Authentication will fail unless a "known good" password is available
(0)     [pap] = noop
(0)   } # authorize = ok
(0) ERROR: No Auth-Type found: rejecting the user via Post-Auth-Type = Reject
(0) Failed to authenticate the user
(0) Using Post-Auth-Type Reject
(0) # Executing group from file /etc/freeradius/sites-enabled/default
(0)   Post-Auth-Type REJECT {
(0) attr_filter.access_reject: EXPAND %{User-Name}
(0) attr_filter.access_reject:    --> sub_1
(0) attr_filter.access_reject: Matched entry DEFAULT at line 11
(0)     [attr_filter.access_reject] = updated
(0)     [eap] = noop
(0)     policy remove_reply_message_if_eap {
(0)       if (&reply:EAP-Message && &reply:Reply-Message) {
(0)       if (&reply:EAP-Message && &reply:Reply-Message)  -> FALSE
(0)       else {
(0)         [noop] = noop
(0)       } # else = noop
(0)     } # policy remove_reply_message_if_eap = noop
(0)   } # Post-Auth-Type REJECT = updated
(0) Delaying response for 1.000000 seconds
Waking up in 0.3 seconds.
Waking up in 0.6 seconds.
(0) Sending delayed response
(0) Sent Access-Reject Id 248 from 172.23.0.2:1812 to 172.23.0.1:41897 length 20
Waking up in 3.9 seconds.
(1) Received Status-Server Id 154 from 172.23.0.1:53967 to 172.23.0.2:1812 length 44
(1)   Message-Authenticator = 0x936a5bf1d5bd4b1e68d6849756e10ed3
(1)   NAS-IP-Address = 127.0.0.1
(1) Sent Access-Accept Id 154 from 172.23.0.2:1812 to 172.23.0.1:53967 length 20
(1) Finished request
Waking up in 3.9 seconds.
(2) Received CoA-Request Id 196 from 172.23.0.1:53923 to 172.23.0.2:3799 length 66
(2)   User-Name = "sub_1"
(2)   Acct-Session-Id = "sess-1"
(2)   Message-Authenticator = 0x14d6d767739554e796998e3fd26b1cf6
(2)   Mikrotik-Rate-Limit = "4M/4M"
(2) # Executing section recv-coa from file /etc/freeradius/sites-enabled/coa
(2)   recv-coa {
(2)     [suffix] = noop
(2)     [ok] = ok
(2)   } # recv-coa = ok
(2) # Executing section send-coa from file /etc/freeradius/sites-enabled/coa
(2)   send-coa {
(2)     [ok] = ok
(2)   } # send-coa = ok
(2) Sent CoA-ACK Id 196 from 172.23.0.2:3799 to 172.23.0.1:53923 length 20
(2) Finished request
Waking up in 3.8 seconds.
(3) Received Disconnect-Request Id 235 from 172.23.0.1:54922 to 172.23.0.2:3799 length 53
(3)   User-Name = "sub_1"
(3)   Acct-Session-Id = "sess-1"
(3)   Message-Authenticator = 0xd0ff65234300aa2eca3f054059c285b4
(3) # Executing section recv-coa from file /etc/freeradius/sites-enabled/coa
(3)   recv-coa {
(3)     [suffix] = noop
(3)     [ok] = ok
(3)   } # recv-coa = ok
(3) # Executing section send-coa from file /etc/freeradius/sites-enabled/coa
(3)   send-coa {
(3)     [ok] = ok
(3)   } # send-coa = ok
(3) Sent Disconnect-ACK Id 235 from 172.23.0.2:3799 to 172.23.0.1:54922 length 20
(3) Finished request
Waking up in 3.8 seconds.
(0) Cleaning up request packet ID 248 with timestamp +5 due to cleanup_delay was reached
Waking up in 1.0 seconds.
(1) Cleaning up request packet ID 154 with timestamp +6 due to cleanup_delay was reached
(2) Cleaning up request packet ID 196 with timestamp +6 due to cleanup_delay was reached
(3) Cleaning up request packet ID 235 with timestamp +6 due to cleanup_delay was reached
Ready to process requests
