=== timestamp ===
2026-04-18T19:51:16+07:00

=== docker logs tail 300 ===
  	format = ""
  	reference = "Accounting-Request.%{%{Acct-Status-Type}:-unknown}"
  }
  # Loading module "exec" from file /etc/freeradius/mods-enabled/exec
  exec {
  	wait = no
  	input_pairs = "request"
  	shell_escape = yes
  	timeout = 10
  }
  instantiate {
  }
  # Instantiating module "files" from file /etc/freeradius/mods-enabled/files
reading pairlist file /etc/freeradius/mods-config/files/authorize
reading pairlist file /etc/freeradius/mods-config/files/accounting
reading pairlist file /etc/freeradius/mods-config/files/pre-proxy
  # Instantiating module "pap" from file /etc/freeradius/mods-enabled/pap
  # Instantiating module "eap" from file /etc/freeradius/mods-enabled/eap
   # Linked to sub-module rlm_eap_md5
   # Linked to sub-module rlm_eap_gtc
   gtc {
   	challenge = "Password: "
   	auth_type = "PAP"
   }
   # Linked to sub-module rlm_eap_tls
   tls {
   	tls = "tls-common"
   }
   tls-config tls-common {
   	verify_depth = 0
   	ca_path = "/etc/freeradius/certs"
   	pem_file_type = yes
   	private_key_file = "/etc/freeradius/certs/server.pem"
   	certificate_file = "/etc/freeradius/certs/server.pem"
   	ca_file = "/etc/freeradius/certs/ca.pem"
   	private_key_password = <<< secret >>>
   	fragment_size = 1024
   	include_length = yes
   	auto_chain = yes
   	check_crl = no
   	check_all_crl = no
   	ca_path_reload_interval = 0
   	cipher_list = "DEFAULT"
   	cipher_server_preference = no
   	reject_unknown_intermediate_ca = no
   	ecdh_curve = ""
   	tls_max_version = "1.2"
   	tls_min_version = "1.2"
    cache {
    	enable = no
    	lifetime = 24
    	max_entries = 255
    }
    verify {
    	skip_if_ocsp_ok = no
    }
    ocsp {
    	enable = no
    	override_cert_url = yes
    	url = "http://127.0.0.1/ocsp/"
    	use_nonce = yes
    	timeout = 0
    	softfail = no
    }
   }
   # Linked to sub-module rlm_eap_ttls
   ttls {
   	tls = "tls-common"
   	default_eap_type = "md5"
   	copy_request_to_tunnel = no
   	use_tunneled_reply = no
   	virtual_server = "inner-tunnel"
   	include_length = yes
   	require_client_cert = no
   }
tls: Using cached TLS configuration from previous invocation
   # Linked to sub-module rlm_eap_peap
   peap {
   	tls = "tls-common"
   	default_eap_type = "mschapv2"
   	copy_request_to_tunnel = no
   	use_tunneled_reply = no
   	proxy_tunneled_request_as_eap = yes
   	virtual_server = "inner-tunnel"
   	soh = no
   	require_client_cert = no
   }
tls: Using cached TLS configuration from previous invocation
   # Linked to sub-module rlm_eap_mschapv2
   mschapv2 {
   	with_ntdomain_hack = no
   	send_error = no
   }
  # Instantiating module "mschap" from file /etc/freeradius/mods-enabled/mschap
rlm_mschap (mschap): using internal authentication
  # Instantiating module "etc_passwd" from file /etc/freeradius/mods-enabled/passwd
rlm_passwd: nfields: 3 keyfield 0(User-Name) listable: no
  # Instantiating module "IPASS" from file /etc/freeradius/mods-enabled/realm
  # Instantiating module "suffix" from file /etc/freeradius/mods-enabled/realm
  # Instantiating module "bangpath" from file /etc/freeradius/mods-enabled/realm
  # Instantiating module "realmpercent" from file /etc/freeradius/mods-enabled/realm
  # Instantiating module "ntdomain" from file /etc/freeradius/mods-enabled/realm
  # Instantiating module "logintime" from file /etc/freeradius/mods-enabled/logintime
  # Instantiating module "attr_filter.post-proxy" from file /etc/freeradius/mods-enabled/attr_filter
reading pairlist file /etc/freeradius/mods-config/attr_filter/post-proxy
  # Instantiating module "attr_filter.pre-proxy" from file /etc/freeradius/mods-enabled/attr_filter
reading pairlist file /etc/freeradius/mods-config/attr_filter/pre-proxy
  # Instantiating module "attr_filter.access_reject" from file /etc/freeradius/mods-enabled/attr_filter
reading pairlist file /etc/freeradius/mods-config/attr_filter/access_reject
  # Instantiating module "attr_filter.access_challenge" from file /etc/freeradius/mods-enabled/attr_filter
reading pairlist file /etc/freeradius/mods-config/attr_filter/access_challenge
  # Instantiating module "attr_filter.accounting_response" from file /etc/freeradius/mods-enabled/attr_filter
reading pairlist file /etc/freeradius/mods-config/attr_filter/accounting_response
  # Instantiating module "attr_filter.coa" from file /etc/freeradius/mods-enabled/attr_filter
reading pairlist file /etc/freeradius/mods-config/attr_filter/coa
  # Instantiating module "expiration" from file /etc/freeradius/mods-enabled/expiration
  # Instantiating module "auth_log" from file /etc/freeradius/mods-enabled/detail.log
rlm_detail (auth_log): 'User-Password' suppressed, will not appear in detail output
  # Instantiating module "reply_log" from file /etc/freeradius/mods-enabled/detail.log
  # Instantiating module "pre_proxy_log" from file /etc/freeradius/mods-enabled/detail.log
  # Instantiating module "post_proxy_log" from file /etc/freeradius/mods-enabled/detail.log
  # Instantiating module "preprocess" from file /etc/freeradius/mods-enabled/preprocess
reading pairlist file /etc/freeradius/mods-config/preprocess/huntgroups
reading pairlist file /etc/freeradius/mods-config/preprocess/hints
  # Instantiating module "detail" from file /etc/freeradius/mods-enabled/detail
  # Instantiating module "reject" from file /etc/freeradius/mods-enabled/always
  # Instantiating module "fail" from file /etc/freeradius/mods-enabled/always
  # Instantiating module "ok" from file /etc/freeradius/mods-enabled/always
  # Instantiating module "handled" from file /etc/freeradius/mods-enabled/always
  # Instantiating module "invalid" from file /etc/freeradius/mods-enabled/always
  # Instantiating module "userlock" from file /etc/freeradius/mods-enabled/always
  # Instantiating module "notfound" from file /etc/freeradius/mods-enabled/always
  # Instantiating module "noop" from file /etc/freeradius/mods-enabled/always
  # Instantiating module "updated" from file /etc/freeradius/mods-enabled/always
  # Instantiating module "linelog" from file /etc/freeradius/mods-enabled/linelog
  # Instantiating module "log_accounting" from file /etc/freeradius/mods-enabled/linelog
 } # modules
radiusd: #### Loading Virtual Servers ####
server { # from file /etc/freeradius/radiusd.conf
} # server
server inner-tunnel { # from file /etc/freeradius/sites-enabled/inner-tunnel
 # Loading authenticate {...}
Compiling Auth-Type PAP for attr Auth-Type
Compiling Auth-Type CHAP for attr Auth-Type
Compiling Auth-Type MS-CHAP for attr Auth-Type
 # Loading authorize {...}
Ignoring "sql" (see raddb/mods-available/README.rst)
Ignoring "ldap" (see raddb/mods-available/README.rst)
 # Loading session {...}
 # Loading post-proxy {...}
 # Loading post-auth {...}
 # Skipping contents of 'if' as it is always 'false' -- /etc/freeradius/sites-enabled/inner-tunnel:366
Compiling Post-Auth-Type REJECT for attr Post-Auth-Type
} # server inner-tunnel
server default { # from file /etc/freeradius/sites-enabled/default
 # Loading authenticate {...}
Compiling Auth-Type PAP for attr Auth-Type
Compiling Auth-Type CHAP for attr Auth-Type
Compiling Auth-Type MS-CHAP for attr Auth-Type
 # Loading authorize {...}
Compiling Autz-Type New-TLS-Connection for attr Autz-Type
 # Loading preacct {...}
 # Loading accounting {...}
 # Loading post-proxy {...}
 # Loading post-auth {...}
Compiling Post-Auth-Type REJECT for attr Post-Auth-Type
Compiling Post-Auth-Type Challenge for attr Post-Auth-Type
Compiling Post-Auth-Type Client-Lost for attr Post-Auth-Type
} # server default
radiusd: #### Opening IP addresses and Ports ####
listen {
  	type = "auth"
  	ipaddr = 127.0.0.1
  	port = 18120
}
listen {
  	type = "auth"
  	ipaddr = *
  	port = 0
   limit {
   	max_connections = 16
   	lifetime = 0
   	idle_timeout = 30
   }
}
listen {
  	type = "acct"
  	ipaddr = *
  	port = 0
   limit {
   	max_connections = 16
   	lifetime = 0
   	idle_timeout = 30
   }
}
listen {
  	type = "auth"
  	ipv6addr = ::
  	port = 0
   limit {
   	max_connections = 16
   	lifetime = 0
   	idle_timeout = 30
   }
}
listen {
  	type = "acct"
  	ipv6addr = ::
  	port = 0
   limit {
   	max_connections = 16
   	lifetime = 0
   	idle_timeout = 30
   }
}
Listening on auth address 127.0.0.1 port 18120 bound to server inner-tunnel
Listening on auth address * port 1812 bound to server default
Listening on acct address * port 1813 bound to server default
Listening on auth address :: port 1812 bound to server default
Listening on acct address :: port 1813 bound to server default
Listening on proxy address * port 57105
Listening on proxy address :: port 38870
Ready to process requests
(0) Received Access-Request Id 62 from 172.23.0.1:43421 to 172.23.0.2:1812 length 75
(0)   Message-Authenticator = 0xc4f4ffbc114e267ad8a0ff3647ddfb16
(0)   User-Name = "sub_1"
(0)   User-Password = "test123"
(0)   NAS-IP-Address = 127.0.1.1
(0)   NAS-Port = 0
(0) # Executing section authorize from file /etc/freeradius/sites-enabled/default
(0)   authorize {
(0)     policy filter_username {
(0)       if (&User-Name) {
(0)       if (&User-Name)  -> TRUE
(0)       if (&User-Name)  {
(0)         if (&User-Name =~ / /) {
(0)         if (&User-Name =~ / /)  -> FALSE
(0)         if (&User-Name =~ /@[^@]*@/ ) {
(0)         if (&User-Name =~ /@[^@]*@/ )  -> FALSE
(0)         if (&User-Name =~ /\.\./ ) {
(0)         if (&User-Name =~ /\.\./ )  -> FALSE
(0)         if ((&User-Name =~ /@/) && (&User-Name !~ /@(.+)\.(.+)$/))  {
(0)         if ((&User-Name =~ /@/) && (&User-Name !~ /@(.+)\.(.+)$/))   -> FALSE
(0)         if (&User-Name =~ /\.$/)  {
(0)         if (&User-Name =~ /\.$/)   -> FALSE
(0)         if (&User-Name =~ /@\./)  {
(0)         if (&User-Name =~ /@\./)   -> FALSE
(0)       } # if (&User-Name)  = notfound
(0)     } # policy filter_username = notfound
(0)     [preprocess] = ok
(0)     [chap] = noop
(0)     [mschap] = noop
(0)     [digest] = noop
(0) suffix: Checking for suffix after "@"
(0) suffix: No '@' in User-Name = "sub_1", looking up realm NULL
(0) suffix: No such realm "NULL"
(0)     [suffix] = noop
(0) eap: No EAP-Message, not doing EAP
(0)     [eap] = noop
(0)     [files] = noop
(0)     [expiration] = noop
(0)     [logintime] = noop
(0) pap: WARNING: No "known good" password found for the user.  Not setting Auth-Type
(0) pap: WARNING: Authentication will fail unless a "known good" password is available
(0)     [pap] = noop
(0)   } # authorize = ok
(0) ERROR: No Auth-Type found: rejecting the user via Post-Auth-Type = Reject
(0) Failed to authenticate the user
(0) Using Post-Auth-Type Reject
(0) # Executing group from file /etc/freeradius/sites-enabled/default
(0)   Post-Auth-Type REJECT {
(0) attr_filter.access_reject: EXPAND %{User-Name}
(0) attr_filter.access_reject:    --> sub_1
(0) attr_filter.access_reject: Matched entry DEFAULT at line 11
(0)     [attr_filter.access_reject] = updated
(0)     [eap] = noop
(0)     policy remove_reply_message_if_eap {
(0)       if (&reply:EAP-Message && &reply:Reply-Message) {
(0)       if (&reply:EAP-Message && &reply:Reply-Message)  -> FALSE
(0)       else {
(0)         [noop] = noop
(0)       } # else = noop
(0)     } # policy remove_reply_message_if_eap = noop
(0)   } # Post-Auth-Type REJECT = updated
(0) Delaying response for 1.000000 seconds
Waking up in 0.3 seconds.
Waking up in 0.6 seconds.
(0) Sending delayed response
(0) Sent Access-Reject Id 62 from 172.23.0.2:1812 to 172.23.0.1:43421 length 20
Waking up in 3.9 seconds.
(1) Received Status-Server Id 40 from 172.23.0.1:43941 to 172.23.0.2:1812 length 44
(1)   Message-Authenticator = 0x70a9b299aae9e7b5e223944bf2c179d8
(1)   NAS-IP-Address = 127.0.0.1
(1) Sent Access-Accept Id 40 from 172.23.0.2:1812 to 172.23.0.1:43941 length 20
(1) Finished request
Waking up in 3.9 seconds.
(0) Cleaning up request packet ID 62 with timestamp +5 due to cleanup_delay was reached
Waking up in 1.0 seconds.
(1) Cleaning up request packet ID 40 with timestamp +6 due to cleanup_delay was reached
Ready to process requests
